<?xml version="1.0"?>
<link_info>
   <banner>TI ARM Linker Unix v16.9.3.LTS</banner>
   <copyright>Copyright (c) 1996-2017 Texas Instruments Incorporated</copyright>
   <link_time>0x5a7d0429</link_time>
   <link_errors>0x0</link_errors>
   <output_file>tm4c_mpu9250.out</output_file>
   <entry_point>
      <name>_c_int00</name>
      <address>0x7bc5</address>
   </entry_point>
   <input_file_list>
      <input_file id="fl-2">
         <path>./</path>
         <kind>object</kind>
         <file>main.obj</file>
         <name>main.obj</name>
      </input_file>
      <input_file id="fl-3">
         <path>./</path>
         <kind>object</kind>
         <file>tm4c1294ncpdt_startup_ccs.obj</file>
         <name>tm4c1294ncpdt_startup_ccs.obj</name>
      </input_file>
      <input_file id="fl-4">
         <path>./</path>
         <kind>object</kind>
         <file>uartstdio.obj</file>
         <name>uartstdio.obj</name>
      </input_file>
      <input_file id="fl-5">
         <path>./HAL/tm4c1294/</path>
         <kind>object</kind>
         <file>hal_common_tm4c.obj</file>
         <name>hal_common_tm4c.obj</name>
      </input_file>
      <input_file id="fl-6">
         <path>./HAL/tm4c1294/</path>
         <kind>object</kind>
         <file>hal_mpu_i2c_tm4c.obj</file>
         <name>hal_mpu_i2c_tm4c.obj</name>
      </input_file>
      <input_file id="fl-7">
         <path>./HAL/tm4c1294/</path>
         <kind>object</kind>
         <file>hal_mpu_spi_tm4c.obj</file>
         <name>hal_mpu_spi_tm4c.obj</name>
      </input_file>
      <input_file id="fl-8">
         <path>./libs/</path>
         <kind>object</kind>
         <file>myLib.obj</file>
         <name>myLib.obj</name>
      </input_file>
      <input_file id="fl-9">
         <path>./mpu9250/</path>
         <kind>object</kind>
         <file>MahonyAHRS.obj</file>
         <name>MahonyAHRS.obj</name>
      </input_file>
      <input_file id="fl-a">
         <path>./mpu9250/</path>
         <kind>object</kind>
         <file>api_mpu9250.obj</file>
         <name>api_mpu9250.obj</name>
      </input_file>
      <input_file id="fl-b">
         <path>./mpu9250/</path>
         <kind>object</kind>
         <file>dmp_mpu9250.obj</file>
         <name>dmp_mpu9250.obj</name>
      </input_file>
      <input_file id="fl-c">
         <path>./mpu9250/</path>
         <kind>object</kind>
         <file>nondmp_mpu9250.obj</file>
         <name>nondmp_mpu9250.obj</name>
      </input_file>
      <input_file id="fl-d">
         <path>./mpu9250/eMPL/</path>
         <kind>object</kind>
         <file>inv_mpu.obj</file>
         <name>inv_mpu.obj</name>
      </input_file>
      <input_file id="fl-e">
         <path>./mpu9250/eMPL/</path>
         <kind>object</kind>
         <file>inv_mpu_dmp_motion_driver.obj</file>
         <name>inv_mpu_dmp_motion_driver.obj</name>
      </input_file>
      <input_file id="fl-f">
         <path>./serialPort/</path>
         <kind>object</kind>
         <file>uartHW.obj</file>
         <name>uartHW.obj</name>
      </input_file>
      <input_file id="fl-14">
         <kind>object</kind>
         <file>&lt;internal&gt;</file>
         <name>&lt;internal&gt;</name>
      </input_file>
      <input_file id="fl-ca">
         <path>/home/v125/Programming/ti/ccsv7/tools/compiler/ti-cgt-arm_16.9.3.LTS/lib/</path>
         <kind>archive</kind>
         <file>rtsv7M4_T_le_v4SPD16_eabi.lib</file>
         <name>boot.obj</name>
      </input_file>
      <input_file id="fl-cb">
         <path>/home/v125/Programming/ti/ccsv7/tools/compiler/ti-cgt-arm_16.9.3.LTS/lib/</path>
         <kind>archive</kind>
         <file>rtsv7M4_T_le_v4SPD16_eabi.lib</file>
         <name>copy_decompress_lzss.obj</name>
      </input_file>
      <input_file id="fl-cc">
         <path>/home/v125/Programming/ti/ccsv7/tools/compiler/ti-cgt-arm_16.9.3.LTS/lib/</path>
         <kind>archive</kind>
         <file>rtsv7M4_T_le_v4SPD16_eabi.lib</file>
         <name>copy_decompress_none.obj</name>
      </input_file>
      <input_file id="fl-cd">
         <path>/home/v125/Programming/ti/ccsv7/tools/compiler/ti-cgt-arm_16.9.3.LTS/lib/</path>
         <kind>archive</kind>
         <file>rtsv7M4_T_le_v4SPD16_eabi.lib</file>
         <name>copy_zero_init.obj</name>
      </input_file>
      <input_file id="fl-ce">
         <path>/home/v125/Programming/ti/ccsv7/tools/compiler/ti-cgt-arm_16.9.3.LTS/lib/</path>
         <kind>archive</kind>
         <file>rtsv7M4_T_le_v4SPD16_eabi.lib</file>
         <name>dtor_list.obj</name>
      </input_file>
      <input_file id="fl-cf">
         <path>/home/v125/Programming/ti/ccsv7/tools/compiler/ti-cgt-arm_16.9.3.LTS/lib/</path>
         <kind>archive</kind>
         <file>rtsv7M4_T_le_v4SPD16_eabi.lib</file>
         <name>e_asin.obj</name>
      </input_file>
      <input_file id="fl-d0">
         <path>/home/v125/Programming/ti/ccsv7/tools/compiler/ti-cgt-arm_16.9.3.LTS/lib/</path>
         <kind>archive</kind>
         <file>rtsv7M4_T_le_v4SPD16_eabi.lib</file>
         <name>e_atan2.obj</name>
      </input_file>
      <input_file id="fl-d1">
         <path>/home/v125/Programming/ti/ccsv7/tools/compiler/ti-cgt-arm_16.9.3.LTS/lib/</path>
         <kind>archive</kind>
         <file>rtsv7M4_T_le_v4SPD16_eabi.lib</file>
         <name>e_powf.obj</name>
      </input_file>
      <input_file id="fl-d2">
         <path>/home/v125/Programming/ti/ccsv7/tools/compiler/ti-cgt-arm_16.9.3.LTS/lib/</path>
         <kind>archive</kind>
         <file>rtsv7M4_T_le_v4SPD16_eabi.lib</file>
         <name>e_sqrt.obj</name>
      </input_file>
      <input_file id="fl-d3">
         <path>/home/v125/Programming/ti/ccsv7/tools/compiler/ti-cgt-arm_16.9.3.LTS/lib/</path>
         <kind>archive</kind>
         <file>rtsv7M4_T_le_v4SPD16_eabi.lib</file>
         <name>e_sqrtf.obj</name>
      </input_file>
      <input_file id="fl-d4">
         <path>/home/v125/Programming/ti/ccsv7/tools/compiler/ti-cgt-arm_16.9.3.LTS/lib/</path>
         <kind>archive</kind>
         <file>rtsv7M4_T_le_v4SPD16_eabi.lib</file>
         <name>errno.obj</name>
      </input_file>
      <input_file id="fl-d5">
         <path>/home/v125/Programming/ti/ccsv7/tools/compiler/ti-cgt-arm_16.9.3.LTS/lib/</path>
         <kind>archive</kind>
         <file>rtsv7M4_T_le_v4SPD16_eabi.lib</file>
         <name>exit.obj</name>
      </input_file>
      <input_file id="fl-d6">
         <path>/home/v125/Programming/ti/ccsv7/tools/compiler/ti-cgt-arm_16.9.3.LTS/lib/</path>
         <kind>archive</kind>
         <file>rtsv7M4_T_le_v4SPD16_eabi.lib</file>
         <name>fd_add_t2.obj</name>
      </input_file>
      <input_file id="fl-d7">
         <path>/home/v125/Programming/ti/ccsv7/tools/compiler/ti-cgt-arm_16.9.3.LTS/lib/</path>
         <kind>archive</kind>
         <file>rtsv7M4_T_le_v4SPD16_eabi.lib</file>
         <name>fd_cmp_t2.obj</name>
      </input_file>
      <input_file id="fl-d8">
         <path>/home/v125/Programming/ti/ccsv7/tools/compiler/ti-cgt-arm_16.9.3.LTS/lib/</path>
         <kind>archive</kind>
         <file>rtsv7M4_T_le_v4SPD16_eabi.lib</file>
         <name>fd_div_t2.obj</name>
      </input_file>
      <input_file id="fl-d9">
         <path>/home/v125/Programming/ti/ccsv7/tools/compiler/ti-cgt-arm_16.9.3.LTS/lib/</path>
         <kind>archive</kind>
         <file>rtsv7M4_T_le_v4SPD16_eabi.lib</file>
         <name>fd_mul_t2.obj</name>
      </input_file>
      <input_file id="fl-da">
         <path>/home/v125/Programming/ti/ccsv7/tools/compiler/ti-cgt-arm_16.9.3.LTS/lib/</path>
         <kind>archive</kind>
         <file>rtsv7M4_T_le_v4SPD16_eabi.lib</file>
         <name>fd_toi_t2.obj</name>
      </input_file>
      <input_file id="fl-db">
         <path>/home/v125/Programming/ti/ccsv7/tools/compiler/ti-cgt-arm_16.9.3.LTS/lib/</path>
         <kind>archive</kind>
         <file>rtsv7M4_T_le_v4SPD16_eabi.lib</file>
         <name>fd_tos_t2.obj</name>
      </input_file>
      <input_file id="fl-dc">
         <path>/home/v125/Programming/ti/ccsv7/tools/compiler/ti-cgt-arm_16.9.3.LTS/lib/</path>
         <kind>archive</kind>
         <file>rtsv7M4_T_le_v4SPD16_eabi.lib</file>
         <name>fs_tod_t2.obj</name>
      </input_file>
      <input_file id="fl-dd">
         <path>/home/v125/Programming/ti/ccsv7/tools/compiler/ti-cgt-arm_16.9.3.LTS/lib/</path>
         <kind>archive</kind>
         <file>rtsv7M4_T_le_v4SPD16_eabi.lib</file>
         <name>guard.obj</name>
      </input_file>
      <input_file id="fl-de">
         <path>/home/v125/Programming/ti/ccsv7/tools/compiler/ti-cgt-arm_16.9.3.LTS/lib/</path>
         <kind>archive</kind>
         <file>rtsv7M4_T_le_v4SPD16_eabi.lib</file>
         <name>ll_div_t2.obj</name>
      </input_file>
      <input_file id="fl-df">
         <path>/home/v125/Programming/ti/ccsv7/tools/compiler/ti-cgt-arm_16.9.3.LTS/lib/</path>
         <kind>archive</kind>
         <file>rtsv7M4_T_le_v4SPD16_eabi.lib</file>
         <name>ll_mul_t2.obj</name>
      </input_file>
      <input_file id="fl-e0">
         <path>/home/v125/Programming/ti/ccsv7/tools/compiler/ti-cgt-arm_16.9.3.LTS/lib/</path>
         <kind>archive</kind>
         <file>rtsv7M4_T_le_v4SPD16_eabi.lib</file>
         <name>memcmp.obj</name>
      </input_file>
      <input_file id="fl-e1">
         <path>/home/v125/Programming/ti/ccsv7/tools/compiler/ti-cgt-arm_16.9.3.LTS/lib/</path>
         <kind>archive</kind>
         <file>rtsv7M4_T_le_v4SPD16_eabi.lib</file>
         <name>memcpy_t2.obj</name>
      </input_file>
      <input_file id="fl-e2">
         <path>/home/v125/Programming/ti/ccsv7/tools/compiler/ti-cgt-arm_16.9.3.LTS/lib/</path>
         <kind>archive</kind>
         <file>rtsv7M4_T_le_v4SPD16_eabi.lib</file>
         <name>memory.obj</name>
      </input_file>
      <input_file id="fl-e3">
         <path>/home/v125/Programming/ti/ccsv7/tools/compiler/ti-cgt-arm_16.9.3.LTS/lib/</path>
         <kind>archive</kind>
         <file>rtsv7M4_T_le_v4SPD16_eabi.lib</file>
         <name>memset_t2.obj</name>
      </input_file>
      <input_file id="fl-e4">
         <path>/home/v125/Programming/ti/ccsv7/tools/compiler/ti-cgt-arm_16.9.3.LTS/lib/</path>
         <kind>archive</kind>
         <file>rtsv7M4_T_le_v4SPD16_eabi.lib</file>
         <name>mpu_init.obj</name>
      </input_file>
      <input_file id="fl-e5">
         <path>/home/v125/Programming/ti/ccsv7/tools/compiler/ti-cgt-arm_16.9.3.LTS/lib/</path>
         <kind>archive</kind>
         <file>rtsv7M4_T_le_v4SPD16_eabi.lib</file>
         <name>pre_init.obj</name>
      </input_file>
      <input_file id="fl-e6">
         <path>/home/v125/Programming/ti/ccsv7/tools/compiler/ti-cgt-arm_16.9.3.LTS/lib/</path>
         <kind>archive</kind>
         <file>rtsv7M4_T_le_v4SPD16_eabi.lib</file>
         <name>s_atan.obj</name>
      </input_file>
      <input_file id="fl-e7">
         <path>/home/v125/Programming/ti/ccsv7/tools/compiler/ti-cgt-arm_16.9.3.LTS/lib/</path>
         <kind>archive</kind>
         <file>rtsv7M4_T_le_v4SPD16_eabi.lib</file>
         <name>s_scalbnf.obj</name>
      </input_file>
      <input_file id="fl-e8">
         <path>/home/v125/Programming/ti/ccsv7/tools/compiler/ti-cgt-arm_16.9.3.LTS/lib/</path>
         <kind>archive</kind>
         <file>rtsv7M4_T_le_v4SPD16_eabi.lib</file>
         <name>s_trunc.obj</name>
      </input_file>
      <input_file id="fl-e9">
         <path>/home/v125/Programming/ti/ccsv7/tools/compiler/ti-cgt-arm_16.9.3.LTS/lib/</path>
         <kind>archive</kind>
         <file>rtsv7M4_T_le_v4SPD16_eabi.lib</file>
         <name>stkdepth_vars.obj</name>
      </input_file>
      <input_file id="fl-ea">
         <path>/home/v125/Programming/ti/ccsv7/tools/compiler/ti-cgt-arm_16.9.3.LTS/lib/</path>
         <kind>archive</kind>
         <file>rtsv7M4_T_le_v4SPD16_eabi.lib</file>
         <name>u_divt2.obj</name>
      </input_file>
      <input_file id="fl-eb">
         <path>/home/v125/Programming/ti/ccsv7/tools/compiler/ti-cgt-arm_16.9.3.LTS/lib/</path>
         <kind>archive</kind>
         <file>rtsv7M4_T_le_v4SPD16_eabi.lib</file>
         <name>_lock.obj</name>
      </input_file>
      <input_file id="fl-ec">
         <path>/home/v125/Programming/ti/ccsv7/tools/compiler/ti-cgt-arm_16.9.3.LTS/lib/</path>
         <kind>archive</kind>
         <file>rtsv7M4_T_le_v4SPD16_eabi.lib</file>
         <name>args_main.obj</name>
      </input_file>
      <input_file id="fl-ed">
         <path>/home/v125/Programming/ti/ccsv7/tools/compiler/ti-cgt-arm_16.9.3.LTS/lib/</path>
         <kind>archive</kind>
         <file>rtsv7M4_T_le_v4SPD16_eabi.lib</file>
         <name>autoinit.obj</name>
      </input_file>
      <input_file id="fl-ee">
         <path>/home/v125/Programming/ti/ccsv7/tools/compiler/ti-cgt-arm_16.9.3.LTS/lib/</path>
         <kind>archive</kind>
         <file>rtsv7M4_T_le_v4SPD16_eabi.lib</file>
         <name>cpy_tbl.obj</name>
      </input_file>
      <input_file id="fl-ef">
         <path>/home/v125/Programming/ti/ccsv7/tools/compiler/ti-cgt-arm_16.9.3.LTS/lib/</path>
         <kind>archive</kind>
         <file>rtsv7M4_T_le_v4SPD16_eabi.lib</file>
         <name>i_div0.obj</name>
      </input_file>
      <input_file id="fl-f0">
         <path>/home/v125/Programming/ti/ccsv7/tools/compiler/ti-cgt-arm_16.9.3.LTS/lib/</path>
         <kind>archive</kind>
         <file>rtsv7M4_T_le_v4SPD16_eabi.lib</file>
         <name>l_div0.obj</name>
      </input_file>
      <input_file id="fl-f1">
         <path>/home/v125/Programming/ti/ccsv7/tools/compiler/ti-cgt-arm_16.9.3.LTS/lib/</path>
         <kind>archive</kind>
         <file>rtsv7M4_T_le_v4SPD16_eabi.lib</file>
         <name>s_copysignf.obj</name>
      </input_file>
      <input_file id="fl-f2">
         <path>/home/v125/Programming/ti/ccsv7/tools/compiler/ti-cgt-arm_16.9.3.LTS/lib/</path>
         <kind>archive</kind>
         <file>rtsv7M4_T_le_v4SPD16_eabi.lib</file>
         <name>startup.obj</name>
      </input_file>
      <input_file id="fl-f3">
         <path>/media/v125/shared/Programming/ti/TivaWare_C_Series-2.1.4.178/driverlib/ccs/Debug/</path>
         <kind>archive</kind>
         <file>driverlib.lib</file>
         <name>fpu.obj</name>
      </input_file>
      <input_file id="fl-f4">
         <path>/media/v125/shared/Programming/ti/TivaWare_C_Series-2.1.4.178/driverlib/ccs/Debug/</path>
         <kind>archive</kind>
         <file>driverlib.lib</file>
         <name>gpio.obj</name>
      </input_file>
      <input_file id="fl-f5">
         <path>/media/v125/shared/Programming/ti/TivaWare_C_Series-2.1.4.178/driverlib/ccs/Debug/</path>
         <kind>archive</kind>
         <file>driverlib.lib</file>
         <name>interrupt.obj</name>
      </input_file>
      <input_file id="fl-f6">
         <path>/media/v125/shared/Programming/ti/TivaWare_C_Series-2.1.4.178/driverlib/ccs/Debug/</path>
         <kind>archive</kind>
         <file>driverlib.lib</file>
         <name>pwm.obj</name>
      </input_file>
      <input_file id="fl-f7">
         <path>/media/v125/shared/Programming/ti/TivaWare_C_Series-2.1.4.178/driverlib/ccs/Debug/</path>
         <kind>archive</kind>
         <file>driverlib.lib</file>
         <name>ssi.obj</name>
      </input_file>
      <input_file id="fl-f8">
         <path>/media/v125/shared/Programming/ti/TivaWare_C_Series-2.1.4.178/driverlib/ccs/Debug/</path>
         <kind>archive</kind>
         <file>driverlib.lib</file>
         <name>sysctl.obj</name>
      </input_file>
      <input_file id="fl-f9">
         <path>/media/v125/shared/Programming/ti/TivaWare_C_Series-2.1.4.178/driverlib/ccs/Debug/</path>
         <kind>archive</kind>
         <file>driverlib.lib</file>
         <name>uart.obj</name>
      </input_file>
      <input_file id="fl-fa">
         <path>/media/v125/shared/Programming/ti/TivaWare_C_Series-2.1.4.178/driverlib/ccs/Debug/</path>
         <kind>archive</kind>
         <file>driverlib.lib</file>
         <name>cpu.obj</name>
      </input_file>
   </input_file_list>
   <object_component_list>
      <object_component id="oc-f">
         <name>.intvecs</name>
         <load_address>0x0</load_address>
         <run_address>0x0</run_address>
         <size>0x208</size>
         <input_file_ref idref="fl-3"/>
      </object_component>
      <object_component id="oc-145">
         <name>.text</name>
         <load_address>0x208</load_address>
         <run_address>0x208</run_address>
         <size>0x37d4</size>
         <input_file_ref idref="fl-d"/>
      </object_component>
      <object_component id="oc-14b">
         <name>.text</name>
         <load_address>0x39dc</load_address>
         <run_address>0x39dc</run_address>
         <size>0x1438</size>
         <input_file_ref idref="fl-e"/>
      </object_component>
      <object_component id="oc-e3">
         <name>.text</name>
         <load_address>0x4e14</load_address>
         <run_address>0x4e14</run_address>
         <size>0x59c</size>
         <input_file_ref idref="fl-b"/>
      </object_component>
      <object_component id="oc-1db">
         <name>.text</name>
         <load_address>0x53b0</load_address>
         <run_address>0x53b0</run_address>
         <size>0x49c</size>
         <input_file_ref idref="fl-4"/>
      </object_component>
      <object_component id="oc-2cf">
         <name>.text</name>
         <load_address>0x584c</load_address>
         <run_address>0x584c</run_address>
         <size>0x3e4</size>
         <input_file_ref idref="fl-cf"/>
      </object_component>
      <object_component id="oc-276">
         <name>.text</name>
         <load_address>0x5c30</load_address>
         <run_address>0x5c30</run_address>
         <size>0x3d0</size>
         <input_file_ref idref="fl-e2"/>
      </object_component>
      <object_component id="oc-f5">
         <name>.text</name>
         <load_address>0x6000</load_address>
         <run_address>0x6000</run_address>
         <size>0x328</size>
         <input_file_ref idref="fl-7"/>
      </object_component>
      <object_component id="oc-2db">
         <name>.text</name>
         <load_address>0x6328</load_address>
         <run_address>0x6328</run_address>
         <size>0x2ec</size>
         <input_file_ref idref="fl-e6"/>
      </object_component>
      <object_component id="oc-28d">
         <name>.text</name>
         <load_address>0x6614</load_address>
         <run_address>0x6614</run_address>
         <size>0x21e</size>
         <input_file_ref idref="fl-de"/>
      </object_component>
      <object_component id="oc-421">
         <name>.text</name>
         <load_address>0x6832</load_address>
         <run_address>0x6832</run_address>
         <size>0x2</size>
         <input_file_ref idref="fl-ef"/>
      </object_component>
      <object_component id="oc-17c">
         <name>.text:SysCtlClockFreqSet</name>
         <load_address>0x6834</load_address>
         <run_address>0x6834</run_address>
         <size>0x200</size>
         <input_file_ref idref="fl-f8"/>
      </object_component>
      <object_component id="oc-2c9">
         <name>.text</name>
         <load_address>0x6a34</load_address>
         <run_address>0x6a34</run_address>
         <size>0x1ec</size>
         <input_file_ref idref="fl-d0"/>
      </object_component>
      <object_component id="oc-ae">
         <name>.text</name>
         <load_address>0x6c20</load_address>
         <run_address>0x6c20</run_address>
         <size>0x1b8</size>
         <input_file_ref idref="fl-2"/>
      </object_component>
      <object_component id="oc-10b">
         <name>.text</name>
         <load_address>0x6dd8</load_address>
         <run_address>0x6dd8</run_address>
         <size>0x1b6</size>
         <input_file_ref idref="fl-d6"/>
      </object_component>
      <object_component id="oc-3aa">
         <name>.text</name>
         <load_address>0x6f8e</load_address>
         <run_address>0x6f8e</run_address>
         <size>0x2</size>
         <input_file_ref idref="fl-f0"/>
      </object_component>
      <object_component id="oc-2d5">
         <name>.text</name>
         <load_address>0x6f90</load_address>
         <run_address>0x6f90</run_address>
         <size>0x170</size>
         <input_file_ref idref="fl-d2"/>
      </object_component>
      <object_component id="oc-ef">
         <name>.text</name>
         <load_address>0x7100</load_address>
         <run_address>0x7100</run_address>
         <size>0x170</size>
         <input_file_ref idref="fl-f"/>
      </object_component>
      <object_component id="oc-15f">
         <name>.text</name>
         <load_address>0x7270</load_address>
         <run_address>0x7270</run_address>
         <size>0x136</size>
         <input_file_ref idref="fl-d8"/>
      </object_component>
      <object_component id="oc-33b">
         <name>.text:GPIOPadConfigSet</name>
         <load_address>0x73a6</load_address>
         <run_address>0x73a6</run_address>
         <size>0x132</size>
         <input_file_ref idref="fl-f4"/>
      </object_component>
      <object_component id="oc-110">
         <name>.text</name>
         <load_address>0x74d8</load_address>
         <run_address>0x74d8</run_address>
         <size>0xfc</size>
         <input_file_ref idref="fl-d9"/>
      </object_component>
      <object_component id="oc-e9">
         <name>.text</name>
         <load_address>0x75d4</load_address>
         <run_address>0x75d4</run_address>
         <size>0xf4</size>
         <input_file_ref idref="fl-5"/>
      </object_component>
      <object_component id="oc-13f">
         <name>.text</name>
         <load_address>0x76c8</load_address>
         <run_address>0x76c8</run_address>
         <size>0xf4</size>
         <input_file_ref idref="fl-ce"/>
      </object_component>
      <object_component id="oc-100">
         <name>.text</name>
         <load_address>0x77bc</load_address>
         <run_address>0x77bc</run_address>
         <size>0xbc</size>
         <input_file_ref idref="fl-e8"/>
      </object_component>
      <object_component id="oc-42">
         <name>.text</name>
         <load_address>0x7878</load_address>
         <run_address>0x7878</run_address>
         <size>0x9c</size>
         <input_file_ref idref="fl-e1"/>
      </object_component>
      <object_component id="oc-257">
         <name>.text:__aeabi_cdrcmple</name>
         <load_address>0x7914</load_address>
         <run_address>0x7914</run_address>
         <size>0x86</size>
         <input_file_ref idref="fl-d7"/>
      </object_component>
      <object_component id="oc-4e">
         <name>.text</name>
         <load_address>0x799a</load_address>
         <run_address>0x799a</run_address>
         <size>0x7a</size>
         <input_file_ref idref="fl-e3"/>
      </object_component>
      <object_component id="oc-66">
         <name>.text</name>
         <load_address>0x7a14</load_address>
         <run_address>0x7a14</run_address>
         <size>0x70</size>
         <input_file_ref idref="fl-ed"/>
      </object_component>
      <object_component id="oc-164">
         <name>.text</name>
         <load_address>0x7a84</load_address>
         <run_address>0x7a84</run_address>
         <size>0x6e</size>
         <input_file_ref idref="fl-db"/>
      </object_component>
      <object_component id="oc-5a">
         <name>.text</name>
         <load_address>0x7af2</load_address>
         <run_address>0x7af2</run_address>
         <size>0x2</size>
         <input_file_ref idref="fl-e4"/>
      </object_component>
      <object_component id="oc-1f3">
         <name>.text:IntEnable</name>
         <load_address>0x7af4</load_address>
         <run_address>0x7af4</run_address>
         <size>0x68</size>
         <input_file_ref idref="fl-f5"/>
      </object_component>
      <object_component id="oc-12">
         <name>.text:decompress:lzss</name>
         <load_address>0x7b5c</load_address>
         <run_address>0x7b5c</run_address>
         <size>0x68</size>
         <input_file_ref idref="fl-cb"/>
      </object_component>
      <object_component id="oc-24">
         <name>.text</name>
         <load_address>0x7bc4</load_address>
         <run_address>0x7bc4</run_address>
         <size>0x54</size>
         <input_file_ref idref="fl-ca"/>
      </object_component>
      <object_component id="oc-72">
         <name>.text</name>
         <load_address>0x7c18</load_address>
         <run_address>0x7c18</run_address>
         <size>0x54</size>
         <input_file_ref idref="fl-d5"/>
      </object_component>
      <object_component id="oc-20c">
         <name>.text:SysCtlPeripheralReset</name>
         <load_address>0x7c6c</load_address>
         <run_address>0x7c6c</run_address>
         <size>0x50</size>
         <input_file_ref idref="fl-f8"/>
      </object_component>
      <object_component id="oc-a0">
         <name>.text</name>
         <load_address>0x7cbc</load_address>
         <run_address>0x7cbc</run_address>
         <size>0x4c</size>
         <input_file_ref idref="fl-ee"/>
      </object_component>
      <object_component id="oc-1c9">
         <name>.text:GPIOPinConfigure</name>
         <load_address>0x7d08</load_address>
         <run_address>0x7d08</run_address>
         <size>0x48</size>
         <input_file_ref idref="fl-f4"/>
      </object_component>
      <object_component id="oc-309">
         <name>.text:_SysCtlFrequencyGet</name>
         <load_address>0x7d50</load_address>
         <run_address>0x7d50</run_address>
         <size>0x48</size>
         <input_file_ref idref="fl-f8"/>
      </object_component>
      <object_component id="oc-106">
         <name>.text</name>
         <load_address>0x7d98</load_address>
         <run_address>0x7d98</run_address>
         <size>0x48</size>
         <input_file_ref idref="fl-da"/>
      </object_component>
      <object_component id="oc-348">
         <name>.text:UARTConfigSetExpClk</name>
         <load_address>0x7de0</load_address>
         <run_address>0x7de0</run_address>
         <size>0x46</size>
         <input_file_ref idref="fl-f9"/>
      </object_component>
      <object_component id="oc-a6">
         <name>.text</name>
         <load_address>0x7e26</load_address>
         <run_address>0x7e26</run_address>
         <size>0x2</size>
         <input_file_ref idref="fl-f2"/>
      </object_component>
      <object_component id="oc-36e">
         <name>.text:_UARTIntNumberGet</name>
         <load_address>0x7e28</load_address>
         <run_address>0x7e28</run_address>
         <size>0x40</size>
         <input_file_ref idref="fl-f9"/>
      </object_component>
      <object_component id="oc-35d">
         <name>.text</name>
         <load_address>0x7e68</load_address>
         <run_address>0x7e68</run_address>
         <size>0x40</size>
         <input_file_ref idref="fl-ea"/>
      </object_component>
      <object_component id="oc-218">
         <name>.text:SSIConfigSetExpClk</name>
         <load_address>0x7ea8</load_address>
         <run_address>0x7ea8</run_address>
         <size>0x3c</size>
         <input_file_ref idref="fl-f7"/>
      </object_component>
      <object_component id="oc-342">
         <name>.text:SysCtlPeripheralPresent</name>
         <load_address>0x7ee4</load_address>
         <run_address>0x7ee4</run_address>
         <size>0x38</size>
         <input_file_ref idref="fl-f8"/>
      </object_component>
      <object_component id="oc-fb">
         <name>.text</name>
         <load_address>0x7f1c</load_address>
         <run_address>0x7f1c</run_address>
         <size>0x38</size>
         <input_file_ref idref="fl-dc"/>
      </object_component>
      <object_component id="oc-374">
         <name>.text:IntRegister</name>
         <load_address>0x7f54</load_address>
         <run_address>0x7f54</run_address>
         <size>0x34</size>
         <input_file_ref idref="fl-f5"/>
      </object_component>
      <object_component id="oc-1c3">
         <name>.text:SysCtlPeripheralEnable</name>
         <load_address>0x7f88</load_address>
         <run_address>0x7f88</run_address>
         <size>0x34</size>
         <input_file_ref idref="fl-f8"/>
      </object_component>
      <object_component id="oc-335">
         <name>.text:GPIODirModeSet</name>
         <load_address>0x7fbc</load_address>
         <run_address>0x7fbc</run_address>
         <size>0x2a</size>
         <input_file_ref idref="fl-f4"/>
      </object_component>
      <object_component id="oc-298">
         <name>.text</name>
         <load_address>0x7fe6</load_address>
         <run_address>0x7fe6</run_address>
         <size>0x24</size>
         <input_file_ref idref="fl-e0"/>
      </object_component>
      <object_component id="oc-413">
         <name>.text:UARTDisable</name>
         <load_address>0x800c</load_address>
         <run_address>0x800c</run_address>
         <size>0x20</size>
         <input_file_ref idref="fl-f9"/>
      </object_component>
      <object_component id="oc-303">
         <name>.text:_SysCtlMemTimingGet</name>
         <load_address>0x802c</load_address>
         <run_address>0x802c</run_address>
         <size>0x20</size>
         <input_file_ref idref="fl-f8"/>
      </object_component>
      <object_component id="oc-139">
         <name>.text</name>
         <load_address>0x804c</load_address>
         <run_address>0x804c</run_address>
         <size>0x20</size>
         <input_file_ref idref="fl-dd"/>
      </object_component>
      <object_component id="oc-1a1">
         <name>.text:PWMPulseWidthGet</name>
         <load_address>0x806c</load_address>
         <run_address>0x806c</run_address>
         <size>0x1e</size>
         <input_file_ref idref="fl-f6"/>
      </object_component>
      <object_component id="oc-19b">
         <name>.text:PWMPulseWidthSet</name>
         <load_address>0x808a</load_address>
         <run_address>0x808a</run_address>
         <size>0x1e</size>
         <input_file_ref idref="fl-f6"/>
      </object_component>
      <object_component id="oc-22a">
         <name>.text:GPIOPinTypeGPIOOutput</name>
         <load_address>0x80a8</load_address>
         <run_address>0x80a8</run_address>
         <size>0x18</size>
         <input_file_ref idref="fl-f4"/>
      </object_component>
      <object_component id="oc-1ed">
         <name>.text:UARTIntRegister</name>
         <load_address>0x80c0</load_address>
         <run_address>0x80c0</run_address>
         <size>0x18</size>
         <input_file_ref idref="fl-f9"/>
      </object_component>
      <object_component id="oc-6c">
         <name>.text</name>
         <load_address>0x80d8</load_address>
         <run_address>0x80d8</run_address>
         <size>0x18</size>
         <input_file_ref idref="fl-ec"/>
      </object_component>
      <object_component id="oc-2b2">
         <name>.text</name>
         <load_address>0x80f0</load_address>
         <run_address>0x80f0</run_address>
         <size>0x18</size>
         <input_file_ref idref="fl-df"/>
      </object_component>
      <object_component id="oc-188">
         <name>.text:FPUStackingEnable</name>
         <load_address>0x8108</load_address>
         <run_address>0x8108</run_address>
         <size>0x14</size>
         <input_file_ref idref="fl-f3"/>
      </object_component>
      <object_component id="oc-34e">
         <name>.text:UARTEnable</name>
         <load_address>0x811c</load_address>
         <run_address>0x811c</run_address>
         <size>0x14</size>
         <input_file_ref idref="fl-f9"/>
      </object_component>
      <object_component id="oc-121">
         <name>.text</name>
         <load_address>0x8130</load_address>
         <run_address>0x8130</run_address>
         <size>0x14</size>
         <input_file_ref idref="fl-eb"/>
      </object_component>
      <object_component id="oc-236">
         <name>.text:GPIOPinTypeGPIOInput</name>
         <load_address>0x8144</load_address>
         <run_address>0x8144</run_address>
         <size>0x12</size>
         <input_file_ref idref="fl-f4"/>
      </object_component>
      <object_component id="oc-212">
         <name>.text:GPIOPinTypeSSI</name>
         <load_address>0x8156</load_address>
         <run_address>0x8156</run_address>
         <size>0x12</size>
         <input_file_ref idref="fl-f4"/>
      </object_component>
      <object_component id="oc-1d5">
         <name>.text:GPIOPinTypeUART</name>
         <load_address>0x8168</load_address>
         <run_address>0x8168</run_address>
         <size>0x12</size>
         <input_file_ref idref="fl-f4"/>
      </object_component>
      <object_component id="oc-224">
         <name>.text:SSIDataGetNonBlocking</name>
         <load_address>0x817a</load_address>
         <run_address>0x817a</run_address>
         <size>0x12</size>
         <input_file_ref idref="fl-f7"/>
      </object_component>
      <object_component id="oc-182">
         <name>.text:FPUEnable</name>
         <load_address>0x818c</load_address>
         <run_address>0x818c</run_address>
         <size>0x10</size>
         <input_file_ref idref="fl-f3"/>
      </object_component>
      <object_component id="oc-18e">
         <name>.text:IntMasterEnable</name>
         <load_address>0x819c</load_address>
         <run_address>0x819c</run_address>
         <size>0x10</size>
         <input_file_ref idref="fl-f5"/>
      </object_component>
      <object_component id="oc-194">
         <name>.text:SysCtlReset</name>
         <load_address>0x81ac</load_address>
         <run_address>0x81ac</run_address>
         <size>0x10</size>
         <input_file_ref idref="fl-f8"/>
      </object_component>
      <object_component id="oc-1bd">
         <name>.text:UARTCharsAvail</name>
         <load_address>0x81bc</load_address>
         <run_address>0x81bc</run_address>
         <size>0xe</size>
         <input_file_ref idref="fl-f9"/>
      </object_component>
      <object_component id="oc-18">
         <name>.text:decompress:none</name>
         <load_address>0x81ca</load_address>
         <run_address>0x81ca</run_address>
         <size>0xe</size>
         <input_file_ref idref="fl-cc"/>
      </object_component>
      <object_component id="oc-31c">
         <name>.text:CPUcpsie</name>
         <load_address>0x81d8</load_address>
         <run_address>0x81d8</run_address>
         <size>0xc</size>
         <input_file_ref idref="fl-fa"/>
      </object_component>
      <object_component id="oc-24e">
         <name>.text:SSIDataGet</name>
         <load_address>0x81e4</load_address>
         <run_address>0x81e4</run_address>
         <size>0xc</size>
         <input_file_ref idref="fl-f7"/>
      </object_component>
      <object_component id="oc-1e">
         <name>.text:decompress:ZI</name>
         <load_address>0x81f0</load_address>
         <run_address>0x81f0</run_address>
         <size>0xc</size>
         <input_file_ref idref="fl-cd"/>
      </object_component>
      <object_component id="oc-2e">
         <name>.text</name>
         <load_address>0x81fc</load_address>
         <run_address>0x81fc</run_address>
         <size>0xc</size>
         <input_file_ref idref="fl-3"/>
      </object_component>
      <object_component id="oc-242">
         <name>.text:SSIDataPut</name>
         <load_address>0x8208</load_address>
         <run_address>0x8208</run_address>
         <size>0xa</size>
         <input_file_ref idref="fl-f7"/>
      </object_component>
      <object_component id="oc-21e">
         <name>.text:SSIEnable</name>
         <load_address>0x8212</load_address>
         <run_address>0x8212</run_address>
         <size>0xa</size>
         <input_file_ref idref="fl-f7"/>
      </object_component>
      <object_component id="oc-1b1">
         <name>.text:UARTCharGet</name>
         <load_address>0x821c</load_address>
         <run_address>0x821c</run_address>
         <size>0xa</size>
         <input_file_ref idref="fl-f9"/>
      </object_component>
      <object_component id="oc-1b7">
         <name>.text:UARTCharPut</name>
         <load_address>0x8226</load_address>
         <run_address>0x8226</run_address>
         <size>0xa</size>
         <input_file_ref idref="fl-f9"/>
      </object_component>
      <object_component id="oc-248">
         <name>.text:SSIBusy</name>
         <load_address>0x8230</load_address>
         <run_address>0x8230</run_address>
         <size>0x8</size>
         <input_file_ref idref="fl-f7"/>
      </object_component>
      <object_component id="oc-1e7">
         <name>.text:UARTIntEnable</name>
         <load_address>0x8238</load_address>
         <run_address>0x8238</run_address>
         <size>0x8</size>
         <input_file_ref idref="fl-f9"/>
      </object_component>
      <object_component id="oc-23c">
         <name>.text:GPIOPinRead</name>
         <load_address>0x8240</load_address>
         <run_address>0x8240</run_address>
         <size>0x6</size>
         <input_file_ref idref="fl-f4"/>
      </object_component>
      <object_component id="oc-230">
         <name>.text:GPIOPinWrite</name>
         <load_address>0x8246</load_address>
         <run_address>0x8246</run_address>
         <size>0x6</size>
         <input_file_ref idref="fl-f4"/>
      </object_component>
      <object_component id="oc-19a">
         <name>.text:SysCtlDelay</name>
         <load_address>0x824c</load_address>
         <run_address>0x824c</run_address>
         <size>0x6</size>
         <input_file_ref idref="fl-f8"/>
      </object_component>
      <object_component id="oc-1cf">
         <name>.text:UARTClockSourceSet</name>
         <load_address>0x8252</load_address>
         <run_address>0x8252</run_address>
         <size>0x6</size>
         <input_file_ref idref="fl-f9"/>
      </object_component>
      <object_component id="oc-1e1">
         <name>.text:UARTFIFOLevelSet</name>
         <load_address>0x8258</load_address>
         <run_address>0x8258</run_address>
         <size>0x6</size>
         <input_file_ref idref="fl-f9"/>
      </object_component>
      <object_component id="oc-1ab">
         <name>.text:UARTIntClear</name>
         <load_address>0x825e</load_address>
         <run_address>0x825e</run_address>
         <size>0x4</size>
         <input_file_ref idref="fl-f9"/>
      </object_component>
      <object_component id="oc-60">
         <name>.text</name>
         <load_address>0x8262</load_address>
         <run_address>0x8262</run_address>
         <size>0x4</size>
         <input_file_ref idref="fl-e5"/>
      </object_component>
      <object_component id="oc-2a3">
         <name>.const:.string:dmp_memory</name>
         <load_address>0x8268</load_address>
         <run_address>0x8268</run_address>
         <size>0xbf6</size>
         <input_file_ref idref="fl-e"/>
      </object_component>
      <object_component id="oc-295">
         <name>.const:mpu_6500_st_tb</name>
         <load_address>0x8e5e</load_address>
         <run_address>0x8e5e</run_address>
         <size>0x200</size>
         <input_file_ref idref="fl-d"/>
      </object_component>
      <object_component id="oc-2a0">
         <name>.const</name>
         <load_address>0x905e</load_address>
         <run_address>0x905e</run_address>
         <size>0x2</size>
         <input_file_ref idref="fl-e"/>
      </object_component>
      <object_component id="oc-312">
         <name>.const:g_pppui32XTALtoVCO</name>
         <load_address>0x9060</load_address>
         <run_address>0x9060</run_address>
         <size>0x1b0</size>
         <input_file_ref idref="fl-f8"/>
      </object_component>
      <object_component id="oc-3ea">
         <name>.const:$O1$$</name>
         <load_address>0x9210</load_address>
         <run_address>0x9210</run_address>
         <size>0x98</size>
         <input_file_ref idref="fl-e6"/>
      </object_component>
      <object_component id="oc-32f">
         <name>.const:g_pui32GPIOBaseAddrs</name>
         <load_address>0x92a8</load_address>
         <run_address>0x92a8</run_address>
         <size>0x90</size>
         <input_file_ref idref="fl-f4"/>
      </object_component>
      <object_component id="oc-37b">
         <name>.const</name>
         <load_address>0x9338</load_address>
         <run_address>0x9338</run_address>
         <size>0x70</size>
         <input_file_ref idref="fl-f5"/>
      </object_component>
      <object_component id="oc-30f">
         <name>.const:g_pui32Xtals</name>
         <load_address>0x93a8</load_address>
         <run_address>0x93a8</run_address>
         <size>0x6c</size>
         <input_file_ref idref="fl-f8"/>
      </object_component>
      <object_component id="oc-42d">
         <name>.const:g_ppui32UARTIntMap</name>
         <load_address>0x9414</load_address>
         <run_address>0x9414</run_address>
         <size>0x40</size>
         <input_file_ref idref="fl-f9"/>
      </object_component>
      <object_component id="oc-430">
         <name>.const:g_ppui32UARTIntMapSnowflake</name>
         <load_address>0x9454</load_address>
         <run_address>0x9454</run_address>
         <size>0x40</size>
         <input_file_ref idref="fl-f9"/>
      </object_component>
      <object_component id="oc-3f5">
         <name>.const:g_sXTALtoMEMTIM</name>
         <load_address>0x9494</load_address>
         <run_address>0x9494</run_address>
         <size>0x30</size>
         <input_file_ref idref="fl-f8"/>
      </object_component>
      <object_component id="oc-292">
         <name>.const:test</name>
         <load_address>0x94c4</load_address>
         <run_address>0x94c4</run_address>
         <size>0x30</size>
         <input_file_ref idref="fl-d"/>
      </object_component>
      <object_component id="oc-39d">
         <name>.const:reg</name>
         <load_address>0x94f4</load_address>
         <run_address>0x94f4</run_address>
         <size>0x2a</size>
         <input_file_ref idref="fl-d"/>
      </object_component>
      <object_component id="oc-428">
         <name>.const:.string</name>
         <load_address>0x9520</load_address>
         <run_address>0x9520</run_address>
         <size>0x12</size>
         <input_file_ref idref="fl-4"/>
      </object_component>
      <object_component id="oc-3a0">
         <name>.const:hw</name>
         <load_address>0x9532</load_address>
         <run_address>0x9532</run_address>
         <size>0xe</size>
         <input_file_ref idref="fl-d"/>
      </object_component>
      <object_component id="oc-2ba">
         <name>.const:.string:$P$T4$5</name>
         <load_address>0x9540</load_address>
         <run_address>0x9540</run_address>
         <size>0xc</size>
         <input_file_ref idref="fl-e"/>
      </object_component>
      <object_component id="oc-35a">
         <name>.const:g_ui32UARTBase</name>
         <load_address>0x954c</load_address>
         <run_address>0x954c</run_address>
         <size>0xc</size>
         <input_file_ref idref="fl-4"/>
      </object_component>
      <object_component id="oc-354">
         <name>.const:g_ui32UARTPeriph</name>
         <load_address>0x9558</load_address>
         <run_address>0x9558</run_address>
         <size>0xc</size>
         <input_file_ref idref="fl-4"/>
      </object_component>
      <object_component id="oc-2c3">
         <name>.const:.string:$P$T7$8</name>
         <load_address>0x9564</load_address>
         <run_address>0x9564</run_address>
         <size>0xb</size>
         <input_file_ref idref="fl-e"/>
      </object_component>
      <object_component id="oc-2c6">
         <name>.const:.string:$P$T8$9</name>
         <load_address>0x956f</load_address>
         <run_address>0x956f</run_address>
         <size>0xb</size>
         <input_file_ref idref="fl-e"/>
      </object_component>
      <object_component id="oc-2bd">
         <name>.const:.string:$P$T5$6</name>
         <load_address>0x957a</load_address>
         <run_address>0x957a</run_address>
         <size>0x9</size>
         <input_file_ref idref="fl-e"/>
      </object_component>
      <object_component id="oc-2c0">
         <name>.const:.string:$P$T6$7</name>
         <load_address>0x9583</load_address>
         <run_address>0x9583</run_address>
         <size>0x9</size>
         <input_file_ref idref="fl-e"/>
      </object_component>
      <object_component id="oc-315">
         <name>.const</name>
         <load_address>0x958c</load_address>
         <run_address>0x958c</run_address>
         <size>0x8</size>
         <input_file_ref idref="fl-f8"/>
      </object_component>
      <object_component id="oc-362">
         <name>.const</name>
         <load_address>0x9594</load_address>
         <run_address>0x9594</run_address>
         <size>0x4</size>
         <input_file_ref idref="fl-4"/>
      </object_component>
      <object_component id="oc-2a6">
         <name>.const:.string:$P$T0$1</name>
         <load_address>0x9598</load_address>
         <run_address>0x9598</run_address>
         <size>0x3</size>
         <input_file_ref idref="fl-e"/>
      </object_component>
      <object_component id="oc-2a9">
         <name>.const:.string:$P$T1$2</name>
         <load_address>0x959b</load_address>
         <run_address>0x959b</run_address>
         <size>0x3</size>
         <input_file_ref idref="fl-e"/>
      </object_component>
      <object_component id="oc-2ac">
         <name>.const:.string:$P$T2$3</name>
         <load_address>0x959e</load_address>
         <run_address>0x959e</run_address>
         <size>0x3</size>
         <input_file_ref idref="fl-e"/>
      </object_component>
      <object_component id="oc-2af">
         <name>.const:.string:$P$T3$4</name>
         <load_address>0x95a1</load_address>
         <run_address>0x95a1</run_address>
         <size>0x3</size>
         <input_file_ref idref="fl-e"/>
      </object_component>
      <object_component id="oc-483">
         <name>.cinit..data.load</name>
         <load_address>0x95a8</load_address>
         <run_address>0x95a8</run_address>
         <size>0x2c</size>
      </object_component>
      <object_component id="oc-480">
         <name>__TI_handler_table</name>
         <load_address>0x95d4</load_address>
         <run_address>0x95d4</run_address>
         <size>0xc</size>
      </object_component>
      <object_component id="oc-484">
         <name>.cinit..bss.load</name>
         <load_address>0x95e0</load_address>
         <run_address>0x95e0</run_address>
         <size>0x8</size>
      </object_component>
      <object_component id="oc-482">
         <name>.cinit..vtable.load</name>
         <load_address>0x95e8</load_address>
         <run_address>0x95e8</run_address>
         <size>0x8</size>
      </object_component>
      <object_component id="oc-481">
         <name>__TI_cinit_table</name>
         <load_address>0x95f0</load_address>
         <run_address>0x95f0</run_address>
         <size>0x18</size>
      </object_component>
      <object_component id="oc-434">
         <name>.vtable</name>
         <uninitialized>true</uninitialized>
         <run_address>0x20000000</run_address>
         <size>0x26c</size>
         <input_file_ref idref="fl-f5"/>
      </object_component>
      <object_component id="oc-357">
         <name>.data</name>
         <load_address>0x2000075c</load_address>
         <run_address>0x2000075c</run_address>
         <size>0x5</size>
         <input_file_ref idref="fl-4"/>
      </object_component>
      <object_component id="oc-169">
         <name>.data:gyro_orientation</name>
         <load_address>0x20000748</load_address>
         <run_address>0x20000748</run_address>
         <size>0x9</size>
         <input_file_ref idref="fl-b"/>
      </object_component>
      <object_component id="oc-15c">
         <name>.data:hal</name>
         <load_address>0x20000720</load_address>
         <run_address>0x20000720</run_address>
         <size>0xe</size>
         <input_file_ref idref="fl-b"/>
      </object_component>
      <object_component id="oc-28a">
         <name>.data:st</name>
         <load_address>0x200006d8</load_address>
         <run_address>0x200006d8</run_address>
         <size>0x38</size>
         <input_file_ref idref="fl-d"/>
      </object_component>
      <object_component id="oc-2b7">
         <name>.data:dmp</name>
         <load_address>0x20000710</load_address>
         <run_address>0x20000710</run_address>
         <size>0x10</size>
         <input_file_ref idref="fl-e"/>
      </object_component>
      <object_component id="oc-1fa">
         <name>.data</name>
         <load_address>0x2000072e</load_address>
         <run_address>0x2000072e</run_address>
         <size>0x2</size>
         <input_file_ref idref="fl-f"/>
      </object_component>
      <object_component id="oc-27c">
         <name>.data</name>
         <load_address>0x20000764</load_address>
         <run_address>0x20000764</run_address>
         <size>0x4</size>
         <input_file_ref idref="fl-ce"/>
      </object_component>
      <object_component id="oc-3e3">
         <name>.data</name>
         <load_address>0x20000768</load_address>
         <run_address>0x20000768</run_address>
         <size>0x4</size>
         <input_file_ref idref="fl-d4"/>
      </object_component>
      <object_component id="oc-b6">
         <name>.data:$O1$$</name>
         <load_address>0x20000730</load_address>
         <run_address>0x20000730</run_address>
         <size>0xc</size>
         <input_file_ref idref="fl-d5"/>
      </object_component>
      <object_component id="oc-397">
         <name>.data:$O1$$</name>
         <load_address>0x2000073c</load_address>
         <run_address>0x2000073c</run_address>
         <size>0xc</size>
         <input_file_ref idref="fl-e2"/>
      </object_component>
      <object_component id="oc-78">
         <name>.data</name>
         <load_address>0x2000076c</load_address>
         <run_address>0x2000076c</run_address>
         <size>0x4</size>
         <input_file_ref idref="fl-e9"/>
      </object_component>
      <object_component id="oc-b9">
         <name>.data:$O1$$</name>
         <load_address>0x20000754</load_address>
         <run_address>0x20000754</run_address>
         <size>0x8</size>
         <input_file_ref idref="fl-eb"/>
      </object_component>
      <object_component id="oc-152">
         <name>.bss:_ZZN7MPU92504GetIEvE17singletonInstance</name>
         <uninitialized>true</uninitialized>
         <run_address>0x2000046c</run_address>
         <size>0x54</size>
         <input_file_ref idref="fl-b"/>
      </object_component>
      <object_component id="oc-151">
         <name>.bss</name>
         <uninitialized>true</uninitialized>
         <run_address>0x200004c4</run_address>
         <size>0x4</size>
         <input_file_ref idref="fl-b"/>
      </object_component>
      <object_component id="oc-1fc">
         <name>.bss:_ZZN10SerialPort4GetIEvE17singletonInstance</name>
         <uninitialized>true</uninitialized>
         <run_address>0x200004c0</run_address>
         <size>0x4</size>
         <input_file_ref idref="fl-f"/>
      </object_component>
      <object_component id="oc-1f9">
         <name>.bss:txBuffer$1</name>
         <uninitialized>true</uninitialized>
         <run_address>0x2000026c</run_address>
         <size>0x200</size>
         <input_file_ref idref="fl-f"/>
      </object_component>
      <object_component id="oc-1fb">
         <name>.bss</name>
         <uninitialized>true</uninitialized>
         <run_address>0x200004c8</run_address>
         <size>0x4</size>
         <input_file_ref idref="fl-f"/>
      </object_component>
      <object_component id="oc-1a7">
         <name>.common:g_ui32SysClock</name>
         <uninitialized>true</uninitialized>
         <run_address>0x200004d0</run_address>
         <size>0x4</size>
      </object_component>
      <object_component id="oc-158">
         <name>.common:int_param</name>
         <uninitialized>true</uninitialized>
         <run_address>0x200004d4</run_address>
         <size>0x1</size>
      </object_component>
      <object_component id="oc-155">
         <name>.common:__dso_handle</name>
         <uninitialized>true</uninitialized>
         <run_address>0x200004cc</run_address>
         <size>0x4</size>
      </object_component>
      <object_component id="oc-2b">
         <name>.sysmem</name>
         <uninitialized>true</uninitialized>
         <run_address>0x20000770</run_address>
         <size>0x8</size>
         <input_file_ref idref="fl-e2"/>
      </object_component>
      <object_component id="oc-486">
         <name>.sysmem</name>
         <uninitialized>true</uninitialized>
         <run_address>0x20000770</run_address>
         <size>0x0</size>
      </object_component>
      <object_component id="oc-2a">
         <name>.stack</name>
         <uninitialized>true</uninitialized>
         <run_address>0x200004d8</run_address>
         <size>0x0</size>
         <input_file_ref idref="fl-ca"/>
      </object_component>
      <object_component id="oc-485">
         <name>.stack</name>
         <uninitialized>true</uninitialized>
         <run_address>0x200004d8</run_address>
         <size>0x0</size>
      </object_component>
      <object_component id="oc-116">
         <name>.debug_info</name>
         <load_address>0x0</load_address>
         <run_address>0x0</run_address>
         <size>0x68e</size>
         <input_file_ref idref="fl-2"/>
      </object_component>
      <object_component id="oc-af">
         <name>.debug_info</name>
         <load_address>0x68e</load_address>
         <run_address>0x68e</run_address>
         <size>0x492</size>
         <input_file_ref idref="fl-2"/>
      </object_component>
      <object_component id="oc-16d">
         <name>.debug_info</name>
         <load_address>0xb20</load_address>
         <run_address>0xb20</run_address>
         <size>0x209</size>
         <input_file_ref idref="fl-2"/>
      </object_component>
      <object_component id="oc-200">
         <name>.debug_info</name>
         <load_address>0xd29</load_address>
         <run_address>0xd29</run_address>
         <size>0xdf</size>
         <input_file_ref idref="fl-2"/>
      </object_component>
      <object_component id="oc-cf">
         <name>.debug_info</name>
         <load_address>0xe08</load_address>
         <run_address>0xe08</run_address>
         <size>0x8b</size>
         <input_file_ref idref="fl-2"/>
      </object_component>
      <object_component id="oc-268">
         <name>.debug_info</name>
         <load_address>0xe93</load_address>
         <run_address>0xe93</run_address>
         <size>0x14d</size>
         <input_file_ref idref="fl-2"/>
      </object_component>
      <object_component id="oc-172">
         <name>.debug_info</name>
         <load_address>0xfe0</load_address>
         <run_address>0xfe0</run_address>
         <size>0x18b</size>
         <input_file_ref idref="fl-2"/>
      </object_component>
      <object_component id="oc-2f8">
         <name>.debug_info</name>
         <load_address>0x116b</load_address>
         <run_address>0x116b</run_address>
         <size>0x2c</size>
         <input_file_ref idref="fl-2"/>
      </object_component>
      <object_component id="oc-36">
         <name>.debug_info</name>
         <load_address>0x1197</load_address>
         <run_address>0x1197</run_address>
         <size>0x2a2</size>
         <input_file_ref idref="fl-3"/>
      </object_component>
      <object_component id="oc-10">
         <name>.debug_info</name>
         <load_address>0x1439</load_address>
         <run_address>0x1439</run_address>
         <size>0xf3</size>
         <input_file_ref idref="fl-3"/>
      </object_component>
      <object_component id="oc-2f">
         <name>.debug_info</name>
         <load_address>0x152c</load_address>
         <run_address>0x152c</run_address>
         <size>0x272</size>
         <input_file_ref idref="fl-3"/>
      </object_component>
      <object_component id="oc-3d">
         <name>.debug_info</name>
         <load_address>0x179e</load_address>
         <run_address>0x179e</run_address>
         <size>0x84</size>
         <input_file_ref idref="fl-3"/>
      </object_component>
      <object_component id="oc-83">
         <name>.debug_info</name>
         <load_address>0x1822</load_address>
         <run_address>0x1822</run_address>
         <size>0x18b</size>
         <input_file_ref idref="fl-3"/>
      </object_component>
      <object_component id="oc-366">
         <name>.debug_info</name>
         <load_address>0x19ad</load_address>
         <run_address>0x19ad</run_address>
         <size>0x41c</size>
         <input_file_ref idref="fl-4"/>
      </object_component>
      <object_component id="oc-358">
         <name>.debug_info</name>
         <load_address>0x1dc9</load_address>
         <run_address>0x1dc9</run_address>
         <size>0x11f</size>
         <input_file_ref idref="fl-4"/>
      </object_component>
      <object_component id="oc-363">
         <name>.debug_info</name>
         <load_address>0x1ee8</load_address>
         <run_address>0x1ee8</run_address>
         <size>0x119</size>
         <input_file_ref idref="fl-4"/>
      </object_component>
      <object_component id="oc-35b">
         <name>.debug_info</name>
         <load_address>0x2001</load_address>
         <run_address>0x2001</run_address>
         <size>0x127</size>
         <input_file_ref idref="fl-4"/>
      </object_component>
      <object_component id="oc-355">
         <name>.debug_info</name>
         <load_address>0x2128</load_address>
         <run_address>0x2128</run_address>
         <size>0x12b</size>
         <input_file_ref idref="fl-4"/>
      </object_component>
      <object_component id="oc-1dc">
         <name>.debug_info</name>
         <load_address>0x2253</load_address>
         <run_address>0x2253</run_address>
         <size>0xad4</size>
         <input_file_ref idref="fl-4"/>
      </object_component>
      <object_component id="oc-367">
         <name>.debug_info</name>
         <load_address>0x2d27</load_address>
         <run_address>0x2d27</run_address>
         <size>0x4e</size>
         <input_file_ref idref="fl-4"/>
      </object_component>
      <object_component id="oc-1a8">
         <name>.debug_info</name>
         <load_address>0x2d75</load_address>
         <run_address>0x2d75</run_address>
         <size>0x480</size>
         <input_file_ref idref="fl-5"/>
      </object_component>
      <object_component id="oc-ea">
         <name>.debug_info</name>
         <load_address>0x31f5</load_address>
         <run_address>0x31f5</run_address>
         <size>0x5fb</size>
         <input_file_ref idref="fl-5"/>
      </object_component>
      <object_component id="oc-97">
         <name>.debug_info</name>
         <load_address>0x37f0</load_address>
         <run_address>0x37f0</run_address>
         <size>0x2c</size>
         <input_file_ref idref="fl-5"/>
      </object_component>
      <object_component id="oc-255">
         <name>.debug_info</name>
         <load_address>0x381c</load_address>
         <run_address>0x381c</run_address>
         <size>0x64d</size>
         <input_file_ref idref="fl-7"/>
      </object_component>
      <object_component id="oc-f6">
         <name>.debug_info</name>
         <load_address>0x3e69</load_address>
         <run_address>0x3e69</run_address>
         <size>0xca6</size>
         <input_file_ref idref="fl-7"/>
      </object_component>
      <object_component id="oc-159">
         <name>.debug_info</name>
         <load_address>0x4b0f</load_address>
         <run_address>0x4b0f</run_address>
         <size>0xae5</size>
         <input_file_ref idref="fl-b"/>
      </object_component>
      <object_component id="oc-16a">
         <name>.debug_info</name>
         <load_address>0x55f4</load_address>
         <run_address>0x55f4</run_address>
         <size>0xf6</size>
         <input_file_ref idref="fl-b"/>
      </object_component>
      <object_component id="oc-15d">
         <name>.debug_info</name>
         <load_address>0x56ea</load_address>
         <run_address>0x56ea</run_address>
         <size>0xdc</size>
         <input_file_ref idref="fl-b"/>
      </object_component>
      <object_component id="oc-153">
         <name>.debug_info</name>
         <load_address>0x57c6</load_address>
         <run_address>0x57c6</run_address>
         <size>0x10a</size>
         <input_file_ref idref="fl-b"/>
      </object_component>
      <object_component id="oc-e4">
         <name>.debug_info</name>
         <load_address>0x58d0</load_address>
         <run_address>0x58d0</run_address>
         <size>0x124c</size>
         <input_file_ref idref="fl-b"/>
      </object_component>
      <object_component id="oc-177">
         <name>.debug_info</name>
         <load_address>0x6b1c</load_address>
         <run_address>0x6b1c</run_address>
         <size>0x113</size>
         <input_file_ref idref="fl-b"/>
      </object_component>
      <object_component id="oc-2ee">
         <name>.debug_info</name>
         <load_address>0x6c2f</load_address>
         <run_address>0x6c2f</run_address>
         <size>0x135</size>
         <input_file_ref idref="fl-b"/>
      </object_component>
      <object_component id="oc-2f3">
         <name>.debug_info</name>
         <load_address>0x6d64</load_address>
         <run_address>0x6d64</run_address>
         <size>0x46</size>
         <input_file_ref idref="fl-b"/>
      </object_component>
      <object_component id="oc-29f">
         <name>.debug_info</name>
         <load_address>0x6daa</load_address>
         <run_address>0x6daa</run_address>
         <size>0x54e</size>
         <input_file_ref idref="fl-d"/>
      </object_component>
      <object_component id="oc-39e">
         <name>.debug_info</name>
         <load_address>0x72f8</load_address>
         <run_address>0x72f8</run_address>
         <size>0xdd</size>
         <input_file_ref idref="fl-d"/>
      </object_component>
      <object_component id="oc-3a1">
         <name>.debug_info</name>
         <load_address>0x73d5</load_address>
         <run_address>0x73d5</run_address>
         <size>0xdb</size>
         <input_file_ref idref="fl-d"/>
      </object_component>
      <object_component id="oc-293">
         <name>.debug_info</name>
         <load_address>0x74b0</load_address>
         <run_address>0x74b0</run_address>
         <size>0xdf</size>
         <input_file_ref idref="fl-d"/>
      </object_component>
      <object_component id="oc-28b">
         <name>.debug_info</name>
         <load_address>0x758f</load_address>
         <run_address>0x758f</run_address>
         <size>0xda</size>
         <input_file_ref idref="fl-d"/>
      </object_component>
      <object_component id="oc-296">
         <name>.debug_info</name>
         <load_address>0x7669</load_address>
         <run_address>0x7669</run_address>
         <size>0xf2</size>
         <input_file_ref idref="fl-d"/>
      </object_component>
      <object_component id="oc-146">
         <name>.debug_info</name>
         <load_address>0x775b</load_address>
         <run_address>0x775b</run_address>
         <size>0x4c07</size>
         <input_file_ref idref="fl-d"/>
      </object_component>
      <object_component id="oc-3be">
         <name>.debug_info</name>
         <load_address>0xc362</load_address>
         <run_address>0xc362</run_address>
         <size>0xc8</size>
         <input_file_ref idref="fl-d"/>
      </object_component>
      <object_component id="oc-3f0">
         <name>.debug_info</name>
         <load_address>0xc42a</load_address>
         <run_address>0xc42a</run_address>
         <size>0xe1</size>
         <input_file_ref idref="fl-d"/>
      </object_component>
      <object_component id="oc-3a5">
         <name>.debug_info</name>
         <load_address>0xc50b</load_address>
         <run_address>0xc50b</run_address>
         <size>0x99c</size>
         <input_file_ref idref="fl-d"/>
      </object_component>
      <object_component id="oc-3b9">
         <name>.debug_info</name>
         <load_address>0xcea7</load_address>
         <run_address>0xcea7</run_address>
         <size>0x28</size>
         <input_file_ref idref="fl-d"/>
      </object_component>
      <object_component id="oc-2e2">
         <name>.debug_info</name>
         <load_address>0xcecf</load_address>
         <run_address>0xcecf</run_address>
         <size>0x6a7</size>
         <input_file_ref idref="fl-e"/>
      </object_component>
      <object_component id="oc-2a4">
         <name>.debug_info</name>
         <load_address>0xd576</load_address>
         <run_address>0xd576</run_address>
         <size>0xfb</size>
         <input_file_ref idref="fl-e"/>
      </object_component>
      <object_component id="oc-2a1">
         <name>.debug_info</name>
         <load_address>0xd671</load_address>
         <run_address>0xd671</run_address>
         <size>0x102</size>
         <input_file_ref idref="fl-e"/>
      </object_component>
      <object_component id="oc-2b8">
         <name>.debug_info</name>
         <load_address>0xd773</load_address>
         <run_address>0xd773</run_address>
         <size>0xee</size>
         <input_file_ref idref="fl-e"/>
      </object_component>
      <object_component id="oc-2a7">
         <name>.debug_info</name>
         <load_address>0xd861</load_address>
         <run_address>0xd861</run_address>
         <size>0xf6</size>
         <input_file_ref idref="fl-e"/>
      </object_component>
      <object_component id="oc-2aa">
         <name>.debug_info</name>
         <load_address>0xd957</load_address>
         <run_address>0xd957</run_address>
         <size>0xf6</size>
         <input_file_ref idref="fl-e"/>
      </object_component>
      <object_component id="oc-2ad">
         <name>.debug_info</name>
         <load_address>0xda4d</load_address>
         <run_address>0xda4d</run_address>
         <size>0xf6</size>
         <input_file_ref idref="fl-e"/>
      </object_component>
      <object_component id="oc-2b0">
         <name>.debug_info</name>
         <load_address>0xdb43</load_address>
         <run_address>0xdb43</run_address>
         <size>0xf6</size>
         <input_file_ref idref="fl-e"/>
      </object_component>
      <object_component id="oc-2bb">
         <name>.debug_info</name>
         <load_address>0xdc39</load_address>
         <run_address>0xdc39</run_address>
         <size>0xf6</size>
         <input_file_ref idref="fl-e"/>
      </object_component>
      <object_component id="oc-2be">
         <name>.debug_info</name>
         <load_address>0xdd2f</load_address>
         <run_address>0xdd2f</run_address>
         <size>0xf6</size>
         <input_file_ref idref="fl-e"/>
      </object_component>
      <object_component id="oc-2c1">
         <name>.debug_info</name>
         <load_address>0xde25</load_address>
         <run_address>0xde25</run_address>
         <size>0xf6</size>
         <input_file_ref idref="fl-e"/>
      </object_component>
      <object_component id="oc-2c4">
         <name>.debug_info</name>
         <load_address>0xdf1b</load_address>
         <run_address>0xdf1b</run_address>
         <size>0xf6</size>
         <input_file_ref idref="fl-e"/>
      </object_component>
      <object_component id="oc-2c7">
         <name>.debug_info</name>
         <load_address>0xe011</load_address>
         <run_address>0xe011</run_address>
         <size>0xf6</size>
         <input_file_ref idref="fl-e"/>
      </object_component>
      <object_component id="oc-14c">
         <name>.debug_info</name>
         <load_address>0xe107</load_address>
         <run_address>0xe107</run_address>
         <size>0x276d</size>
         <input_file_ref idref="fl-e"/>
      </object_component>
      <object_component id="oc-3d2">
         <name>.debug_info</name>
         <load_address>0x10874</load_address>
         <run_address>0x10874</run_address>
         <size>0xac</size>
         <input_file_ref idref="fl-e"/>
      </object_component>
      <object_component id="oc-205">
         <name>.debug_info</name>
         <load_address>0x10920</load_address>
         <run_address>0x10920</run_address>
         <size>0x79e</size>
         <input_file_ref idref="fl-f"/>
      </object_component>
      <object_component id="oc-1fd">
         <name>.debug_info</name>
         <load_address>0x110be</load_address>
         <run_address>0x110be</run_address>
         <size>0x10f</size>
         <input_file_ref idref="fl-f"/>
      </object_component>
      <object_component id="oc-f0">
         <name>.debug_info</name>
         <load_address>0x111cd</load_address>
         <run_address>0x111cd</run_address>
         <size>0x829</size>
         <input_file_ref idref="fl-f"/>
      </object_component>
      <object_component id="oc-207">
         <name>.debug_info</name>
         <load_address>0x119f6</load_address>
         <run_address>0x119f6</run_address>
         <size>0x67</size>
         <input_file_ref idref="fl-f"/>
      </object_component>
      <object_component id="oc-25">
         <name>.debug_info</name>
         <load_address>0x11a5d</load_address>
         <run_address>0x11a5d</run_address>
         <size>0x160</size>
         <input_file_ref idref="fl-ca"/>
      </object_component>
      <object_component id="oc-8d">
         <name>.debug_info</name>
         <load_address>0x11bbd</load_address>
         <run_address>0x11bbd</run_address>
         <size>0x293</size>
         <input_file_ref idref="fl-cb"/>
      </object_component>
      <object_component id="oc-13">
         <name>.debug_info</name>
         <load_address>0x11e50</load_address>
         <run_address>0x11e50</run_address>
         <size>0x245</size>
         <input_file_ref idref="fl-cb"/>
      </object_component>
      <object_component id="oc-38">
         <name>.debug_info</name>
         <load_address>0x12095</load_address>
         <run_address>0x12095</run_address>
         <size>0x60</size>
         <input_file_ref idref="fl-cb"/>
      </object_component>
      <object_component id="oc-88">
         <name>.debug_info</name>
         <load_address>0x120f5</load_address>
         <run_address>0x120f5</run_address>
         <size>0x46</size>
         <input_file_ref idref="fl-cb"/>
      </object_component>
      <object_component id="oc-4d">
         <name>.debug_info</name>
         <load_address>0x1213b</load_address>
         <run_address>0x1213b</run_address>
         <size>0x2da</size>
         <input_file_ref idref="fl-cc"/>
      </object_component>
      <object_component id="oc-19">
         <name>.debug_info</name>
         <load_address>0x12415</load_address>
         <run_address>0x12415</run_address>
         <size>0x1df</size>
         <input_file_ref idref="fl-cc"/>
      </object_component>
      <object_component id="oc-48">
         <name>.debug_info</name>
         <load_address>0x125f4</load_address>
         <run_address>0x125f4</run_address>
         <size>0x46</size>
         <input_file_ref idref="fl-cc"/>
      </object_component>
      <object_component id="oc-8f">
         <name>.debug_info</name>
         <load_address>0x1263a</load_address>
         <run_address>0x1263a</run_address>
         <size>0x2c</size>
         <input_file_ref idref="fl-cc"/>
      </object_component>
      <object_component id="oc-59">
         <name>.debug_info</name>
         <load_address>0x12666</load_address>
         <run_address>0x12666</run_address>
         <size>0x2c9</size>
         <input_file_ref idref="fl-cd"/>
      </object_component>
      <object_component id="oc-1f">
         <name>.debug_info</name>
         <load_address>0x1292f</load_address>
         <run_address>0x1292f</run_address>
         <size>0x1aa</size>
         <input_file_ref idref="fl-cd"/>
      </object_component>
      <object_component id="oc-54">
         <name>.debug_info</name>
         <load_address>0x12ad9</load_address>
         <run_address>0x12ad9</run_address>
         <size>0x46</size>
         <input_file_ref idref="fl-cd"/>
      </object_component>
      <object_component id="oc-156">
         <name>.debug_info</name>
         <load_address>0x12b1f</load_address>
         <run_address>0x12b1f</run_address>
         <size>0x3ab</size>
         <input_file_ref idref="fl-ce"/>
      </object_component>
      <object_component id="oc-27d">
         <name>.debug_info</name>
         <load_address>0x12eca</load_address>
         <run_address>0x12eca</run_address>
         <size>0x11d</size>
         <input_file_ref idref="fl-ce"/>
      </object_component>
      <object_component id="oc-140">
         <name>.debug_info</name>
         <load_address>0x12fe7</load_address>
         <run_address>0x12fe7</run_address>
         <size>0x596</size>
         <input_file_ref idref="fl-ce"/>
      </object_component>
      <object_component id="oc-280">
         <name>.debug_info</name>
         <load_address>0x1357d</load_address>
         <run_address>0x1357d</run_address>
         <size>0x46</size>
         <input_file_ref idref="fl-ce"/>
      </object_component>
      <object_component id="oc-2e7">
         <name>.debug_info</name>
         <load_address>0x135c3</load_address>
         <run_address>0x135c3</run_address>
         <size>0x2c</size>
         <input_file_ref idref="fl-ce"/>
      </object_component>
      <object_component id="oc-285">
         <name>.debug_info</name>
         <load_address>0x135ef</load_address>
         <run_address>0x135ef</run_address>
         <size>0xa3</size>
         <input_file_ref idref="fl-ce"/>
      </object_component>
      <object_component id="oc-3e7">
         <name>.debug_info</name>
         <load_address>0x13692</load_address>
         <run_address>0x13692</run_address>
         <size>0x321</size>
         <input_file_ref idref="fl-cf"/>
      </object_component>
      <object_component id="oc-2d0">
         <name>.debug_info</name>
         <load_address>0x139b3</load_address>
         <run_address>0x139b3</run_address>
         <size>0x685</size>
         <input_file_ref idref="fl-cf"/>
      </object_component>
      <object_component id="oc-25e">
         <name>.debug_info</name>
         <load_address>0x14038</load_address>
         <run_address>0x14038</run_address>
         <size>0x39</size>
         <input_file_ref idref="fl-cf"/>
      </object_component>
      <object_component id="oc-3e2">
         <name>.debug_info</name>
         <load_address>0x14071</load_address>
         <run_address>0x14071</run_address>
         <size>0x2ea</size>
         <input_file_ref idref="fl-d0"/>
      </object_component>
      <object_component id="oc-2ca">
         <name>.debug_info</name>
         <load_address>0x1435b</load_address>
         <run_address>0x1435b</run_address>
         <size>0x23c</size>
         <input_file_ref idref="fl-d0"/>
      </object_component>
      <object_component id="oc-3e9">
         <name>.debug_info</name>
         <load_address>0x14597</load_address>
         <run_address>0x14597</run_address>
         <size>0x2e3</size>
         <input_file_ref idref="fl-d2"/>
      </object_component>
      <object_component id="oc-2d6">
         <name>.debug_info</name>
         <load_address>0x1487a</load_address>
         <run_address>0x1487a</run_address>
         <size>0x240</size>
         <input_file_ref idref="fl-d2"/>
      </object_component>
      <object_component id="oc-3e4">
         <name>.debug_info</name>
         <load_address>0x14aba</load_address>
         <run_address>0x14aba</run_address>
         <size>0xf3</size>
         <input_file_ref idref="fl-d4"/>
      </object_component>
      <object_component id="oc-bd">
         <name>.debug_info</name>
         <load_address>0x14bad</load_address>
         <run_address>0x14bad</run_address>
         <size>0x3ce</size>
         <input_file_ref idref="fl-d5"/>
      </object_component>
      <object_component id="oc-b7">
         <name>.debug_info</name>
         <load_address>0x14f7b</load_address>
         <run_address>0x14f7b</run_address>
         <size>0x185</size>
         <input_file_ref idref="fl-d5"/>
      </object_component>
      <object_component id="oc-73">
         <name>.debug_info</name>
         <load_address>0x15100</load_address>
         <run_address>0x15100</run_address>
         <size>0x214</size>
         <input_file_ref idref="fl-d5"/>
      </object_component>
      <object_component id="oc-10c">
         <name>.debug_info</name>
         <load_address>0x15314</load_address>
         <run_address>0x15314</run_address>
         <size>0x144</size>
         <input_file_ref idref="fl-d6"/>
      </object_component>
      <object_component id="oc-258">
         <name>.debug_info</name>
         <load_address>0x15458</load_address>
         <run_address>0x15458</run_address>
         <size>0x122</size>
         <input_file_ref idref="fl-d7"/>
      </object_component>
      <object_component id="oc-160">
         <name>.debug_info</name>
         <load_address>0x1557a</load_address>
         <run_address>0x1557a</run_address>
         <size>0x132</size>
         <input_file_ref idref="fl-d8"/>
      </object_component>
      <object_component id="oc-111">
         <name>.debug_info</name>
         <load_address>0x156ac</load_address>
         <run_address>0x156ac</run_address>
         <size>0x132</size>
         <input_file_ref idref="fl-d9"/>
      </object_component>
      <object_component id="oc-107">
         <name>.debug_info</name>
         <load_address>0x157de</load_address>
         <run_address>0x157de</run_address>
         <size>0x126</size>
         <input_file_ref idref="fl-da"/>
      </object_component>
      <object_component id="oc-165">
         <name>.debug_info</name>
         <load_address>0x15904</load_address>
         <run_address>0x15904</run_address>
         <size>0x136</size>
         <input_file_ref idref="fl-db"/>
      </object_component>
      <object_component id="oc-fc">
         <name>.debug_info</name>
         <load_address>0x15a3a</load_address>
         <run_address>0x15a3a</run_address>
         <size>0x124</size>
         <input_file_ref idref="fl-dc"/>
      </object_component>
      <object_component id="oc-396">
         <name>.debug_info</name>
         <load_address>0x15b5e</load_address>
         <run_address>0x15b5e</run_address>
         <size>0x27b</size>
         <input_file_ref idref="fl-dd"/>
      </object_component>
      <object_component id="oc-13a">
         <name>.debug_info</name>
         <load_address>0x15dd9</load_address>
         <run_address>0x15dd9</run_address>
         <size>0x29e</size>
         <input_file_ref idref="fl-dd"/>
      </object_component>
      <object_component id="oc-271">
         <name>.debug_info</name>
         <load_address>0x16077</load_address>
         <run_address>0x16077</run_address>
         <size>0x39</size>
         <input_file_ref idref="fl-dd"/>
      </object_component>
      <object_component id="oc-28e">
         <name>.debug_info</name>
         <load_address>0x160b0</load_address>
         <run_address>0x160b0</run_address>
         <size>0x13a</size>
         <input_file_ref idref="fl-de"/>
      </object_component>
      <object_component id="oc-2b3">
         <name>.debug_info</name>
         <load_address>0x161ea</load_address>
         <run_address>0x161ea</run_address>
         <size>0x11a</size>
         <input_file_ref idref="fl-df"/>
      </object_component>
      <object_component id="oc-3b6">
         <name>.debug_info</name>
         <load_address>0x16304</load_address>
         <run_address>0x16304</run_address>
         <size>0x28f</size>
         <input_file_ref idref="fl-e0"/>
      </object_component>
      <object_component id="oc-299">
         <name>.debug_info</name>
         <load_address>0x16593</load_address>
         <run_address>0x16593</run_address>
         <size>0x277</size>
         <input_file_ref idref="fl-e0"/>
[...]
         <object_component_ref idref="oc-ef"/>
      </symbol>
      <symbol id="sm-6cf">
         <name>_ZN10SerialPort4GetIEv</name>
         <value>0x7151</value>
         <object_component_ref idref="oc-ef"/>
      </symbol>
      <symbol id="sm-6d0">
         <name>_ZN10SerialPortD2Ev</name>
         <value>0x7239</value>
         <object_component_ref idref="oc-ef"/>
      </symbol>
      <symbol id="sm-6d1">
         <name>_ZN10SerialPortC2Ev</name>
         <value>0x722d</value>
         <object_component_ref idref="oc-ef"/>
      </symbol>
      <symbol id="sm-6d2">
         <name>_ZN10SerialPort7AddHookEPFvPhPtE</name>
         <value>0x721b</value>
         <object_component_ref idref="oc-ef"/>
      </symbol>
      <symbol id="sm-6d3">
         <name>_ZN10SerialPortD1Ev</name>
         <value>0x7239</value>
         <object_component_ref idref="oc-ef"/>
      </symbol>
      <symbol id="sm-6d4">
         <name>_ZN10SerialPort4SendEPKcz</name>
         <value>0x71f3</value>
         <object_component_ref idref="oc-ef"/>
      </symbol>
      <symbol id="sm-6d5">
         <name>_ZN10SerialPortC1Ev</name>
         <value>0x722d</value>
         <object_component_ref idref="oc-ef"/>
      </symbol>
      <symbol id="sm-6e6">
         <name>_c_int00</name>
         <value>0x7bc5</value>
         <object_component_ref idref="oc-24"/>
      </symbol>
      <symbol id="sm-6e7">
         <name>__stack</name>
         <value>0x200004d8</value>
         <object_component_ref idref="oc-2a"/>
      </symbol>
      <symbol id="sm-705">
         <name>__TI_decompress_lzss</name>
         <value>0x7b5d</value>
         <object_component_ref idref="oc-12"/>
      </symbol>
      <symbol id="sm-71c">
         <name>__TI_decompress_none</name>
         <value>0x81cb</value>
         <object_component_ref idref="oc-18"/>
      </symbol>
      <symbol id="sm-72e">
         <name>__TI_zero_init</name>
         <value>0x81f1</value>
         <object_component_ref idref="oc-1e"/>
      </symbol>
      <symbol id="sm-766">
         <name>__dso_handle</name>
         <value>0x200004cc</value>
      </symbol>
      <symbol id="sm-767">
         <name>__aeabi_atexit</name>
         <value>0x7763</value>
         <object_component_ref idref="oc-13f"/>
      </symbol>
      <symbol id="sm-768">
         <name>__cxa_atexit</name>
         <value>0x7711</value>
         <object_component_ref idref="oc-13f"/>
      </symbol>
      <symbol id="sm-769">
         <name>__cxa_finalize</name>
         <value>0x76c9</value>
         <object_component_ref idref="oc-13f"/>
      </symbol>
      <symbol id="sm-76a">
         <name>atexit</name>
         <value>0x7755</value>
         <object_component_ref idref="oc-13f"/>
      </symbol>
      <symbol id="sm-76b">
         <name>__cxa_ia64_exit</name>
         <value>0x770b</value>
         <object_component_ref idref="oc-13f"/>
      </symbol>
      <symbol id="sm-79f">
         <name>asinl</name>
         <value>0x584d</value>
         <object_component_ref idref="oc-2cf"/>
      </symbol>
      <symbol id="sm-7a0">
         <name>asin</name>
         <value>0x584d</value>
         <object_component_ref idref="oc-2cf"/>
      </symbol>
      <symbol id="sm-7da">
         <name>atan2</name>
         <value>0x6a35</value>
         <object_component_ref idref="oc-2c9"/>
      </symbol>
      <symbol id="sm-7db">
         <name>atan2l</name>
         <value>0x6a35</value>
         <object_component_ref idref="oc-2c9"/>
      </symbol>
      <symbol id="sm-800">
         <name>sqrtl</name>
         <value>0x6f91</value>
         <object_component_ref idref="oc-2d5"/>
      </symbol>
      <symbol id="sm-801">
         <name>sqrt</name>
         <value>0x6f91</value>
         <object_component_ref idref="oc-2d5"/>
      </symbol>
      <symbol id="sm-80a">
         <name>errno</name>
         <value>0x20000768</value>
         <object_component_ref idref="oc-3e3"/>
      </symbol>
      <symbol id="sm-82b">
         <name>C$$EXIT</name>
         <value>0x7c19</value>
         <object_component_ref idref="oc-72"/>
      </symbol>
      <symbol id="sm-82c">
         <name>abort</name>
         <value>0x7c1d</value>
         <object_component_ref idref="oc-72"/>
      </symbol>
      <symbol id="sm-82d">
         <name>exit</name>
         <value>0x7c25</value>
         <object_component_ref idref="oc-72"/>
      </symbol>
      <symbol id="sm-82e">
         <name>__TI_dtors_ptr</name>
         <value>0x20000734</value>
         <object_component_ref idref="oc-b6"/>
      </symbol>
      <symbol id="sm-82f">
         <name>__TI_cleanup_ptr</name>
         <value>0x20000730</value>
         <object_component_ref idref="oc-b6"/>
      </symbol>
      <symbol id="sm-830">
         <name>__TI_enable_exit_profile_output</name>
         <value>0x20000738</value>
         <object_component_ref idref="oc-b6"/>
      </symbol>
      <symbol id="sm-847">
         <name>__aeabi_dsub</name>
         <value>0x6dd9</value>
         <object_component_ref idref="oc-10b"/>
      </symbol>
      <symbol id="sm-848">
         <name>__aeabi_dadd</name>
         <value>0x6de3</value>
         <object_component_ref idref="oc-10b"/>
      </symbol>
      <symbol id="sm-85a">
         <name>__aeabi_cdrcmple</name>
         <value>0x7915</value>
         <object_component_ref idref="oc-257"/>
      </symbol>
      <symbol id="sm-86e">
         <name>__aeabi_ddiv</name>
         <value>0x7271</value>
         <object_component_ref idref="oc-15f"/>
      </symbol>
      <symbol id="sm-879">
         <name>__aeabi_dmul</name>
         <value>0x74d9</value>
         <object_component_ref idref="oc-110"/>
      </symbol>
      <symbol id="sm-883">
         <name>__aeabi_d2iz</name>
         <value>0x7d99</value>
         <object_component_ref idref="oc-106"/>
      </symbol>
      <symbol id="sm-88f">
         <name>__aeabi_d2f</name>
         <value>0x7a85</value>
         <object_component_ref idref="oc-164"/>
      </symbol>
      <symbol id="sm-89a">
         <name>__aeabi_f2d</name>
         <value>0x7f1d</value>
         <object_component_ref idref="oc-fb"/>
      </symbol>
      <symbol id="sm-8ae">
         <name>__cxa_guard_release</name>
         <value>0x804d</value>
         <object_component_ref idref="oc-139"/>
      </symbol>
      <symbol id="sm-8af">
         <name>__cxa_guard_abort</name>
         <value>0x8063</value>
         <object_component_ref idref="oc-139"/>
      </symbol>
      <symbol id="sm-8b0">
         <name>__cxa_guard_acquire</name>
         <value>0x8057</value>
         <object_component_ref idref="oc-139"/>
      </symbol>
      <symbol id="sm-8cf">
         <name>__aeabi_ldivmod</name>
         <value>0x6615</value>
         <object_component_ref idref="oc-28d"/>
      </symbol>
      <symbol id="sm-8d8">
         <name>__aeabi_lmul</name>
         <value>0x80f1</value>
         <object_component_ref idref="oc-2b2"/>
      </symbol>
      <symbol id="sm-8e8">
         <name>memcmp</name>
         <value>0x7fe7</value>
         <object_component_ref idref="oc-298"/>
      </symbol>
      <symbol id="sm-903">
         <name>memcpy</name>
         <value>0x7879</value>
         <object_component_ref idref="oc-42"/>
      </symbol>
      <symbol id="sm-904">
         <name>__aeabi_memcpy</name>
         <value>0x7879</value>
         <object_component_ref idref="oc-42"/>
      </symbol>
      <symbol id="sm-905">
         <name>__aeabi_memcpy8</name>
         <value>0x7879</value>
         <object_component_ref idref="oc-42"/>
      </symbol>
      <symbol id="sm-906">
         <name>__aeabi_memcpy4</name>
         <value>0x7879</value>
         <object_component_ref idref="oc-42"/>
      </symbol>
      <symbol id="sm-97a">
         <name>_sys_memory</name>
         <value>0x20000770</value>
         <object_component_ref idref="oc-2b"/>
      </symbol>
      <symbol id="sm-97b">
         <name>free</name>
         <value>0x5d1b</value>
         <object_component_ref idref="oc-276"/>
      </symbol>
      <symbol id="sm-97c">
         <name>realloc</name>
         <value>0x5ddd</value>
         <object_component_ref idref="oc-276"/>
      </symbol>
      <symbol id="sm-97d">
         <name>memalign</name>
         <value>0x5ee5</value>
         <object_component_ref idref="oc-276"/>
      </symbol>
      <symbol id="sm-97e">
         <name>calloc</name>
         <value>0x5fd1</value>
         <object_component_ref idref="oc-276"/>
      </symbol>
      <symbol id="sm-97f">
         <name>malloc</name>
         <value>0x5cb1</value>
         <object_component_ref idref="oc-276"/>
      </symbol>
      <symbol id="sm-980">
         <name>minit</name>
         <value>0x5c31</value>
         <object_component_ref idref="oc-276"/>
      </symbol>
      <symbol id="sm-98f">
         <name>__aeabi_memset</name>
         <value>0x799d</value>
         <object_component_ref idref="oc-4e"/>
      </symbol>
      <symbol id="sm-990">
         <name>memset</name>
         <value>0x79a3</value>
         <object_component_ref idref="oc-4e"/>
      </symbol>
      <symbol id="sm-991">
         <name>__aeabi_memset8</name>
         <value>0x799d</value>
         <object_component_ref idref="oc-4e"/>
      </symbol>
      <symbol id="sm-992">
         <name>__aeabi_memset4</name>
         <value>0x799d</value>
         <object_component_ref idref="oc-4e"/>
      </symbol>
      <symbol id="sm-993">
         <name>__aeabi_memclr8</name>
         <value>0x799b</value>
         <object_component_ref idref="oc-4e"/>
      </symbol>
      <symbol id="sm-994">
         <name>__aeabi_memclr4</name>
         <value>0x799b</value>
         <object_component_ref idref="oc-4e"/>
      </symbol>
      <symbol id="sm-995">
         <name>__aeabi_memclr</name>
         <value>0x799b</value>
         <object_component_ref idref="oc-4e"/>
      </symbol>
      <symbol id="sm-99f">
         <name>__mpu_init</name>
         <value>0x7af3</value>
         <object_component_ref idref="oc-5a"/>
      </symbol>
      <symbol id="sm-9a9">
         <name>_system_pre_init</name>
         <value>0x8263</value>
         <object_component_ref idref="oc-60"/>
      </symbol>
      <symbol id="sm-9dc">
         <name>atanl</name>
         <value>0x6329</value>
         <object_component_ref idref="oc-2db"/>
      </symbol>
      <symbol id="sm-9dd">
         <name>atan</name>
         <value>0x6329</value>
         <object_component_ref idref="oc-2db"/>
      </symbol>
      <symbol id="sm-9f6">
         <name>trunc</name>
         <value>0x77bd</value>
         <object_component_ref idref="oc-100"/>
      </symbol>
      <symbol id="sm-9f7">
         <name>truncl</name>
         <value>0x77bd</value>
         <object_component_ref idref="oc-100"/>
      </symbol>
      <symbol id="sm-9ff">
         <name>main_func_sp</name>
         <value>0x2000076c</value>
         <object_component_ref idref="oc-78"/>
      </symbol>
      <symbol id="sm-a0e">
         <name>__aeabi_uidivmod</name>
         <value>0x7e69</value>
         <object_component_ref idref="oc-35d"/>
      </symbol>
      <symbol id="sm-a0f">
         <name>__aeabi_uidiv</name>
         <value>0x7e69</value>
         <object_component_ref idref="oc-35d"/>
      </symbol>
      <symbol id="sm-a28">
         <name>_nop</name>
         <value>0x813f</value>
         <object_component_ref idref="oc-121"/>
      </symbol>
      <symbol id="sm-a29">
         <name>_lock</name>
         <value>0x20000754</value>
         <object_component_ref idref="oc-b9"/>
      </symbol>
      <symbol id="sm-a2a">
         <name>_unlock</name>
         <value>0x20000758</value>
         <object_component_ref idref="oc-b9"/>
      </symbol>
      <symbol id="sm-a2b">
         <name>_register_lock</name>
         <value>0x8137</value>
         <object_component_ref idref="oc-121"/>
      </symbol>
      <symbol id="sm-a2c">
         <name>_register_unlock</name>
         <value>0x8131</value>
         <object_component_ref idref="oc-121"/>
      </symbol>
      <symbol id="sm-a40">
         <name>_args_main</name>
         <value>0x80d9</value>
         <object_component_ref idref="oc-6c"/>
      </symbol>
      <symbol id="sm-a6a">
         <name>__TI_auto_init</name>
         <value>0x7a15</value>
         <object_component_ref idref="oc-66"/>
      </symbol>
      <symbol id="sm-a84">
         <name>copy_in</name>
         <value>0x7cbd</value>
         <object_component_ref idref="oc-a0"/>
      </symbol>
      <symbol id="sm-a8e">
         <name>__aeabi_idiv0</name>
         <value>0x6833</value>
         <object_component_ref idref="oc-421"/>
      </symbol>
      <symbol id="sm-a98">
         <name>__aeabi_ldiv0</name>
         <value>0x6f8f</value>
         <object_component_ref idref="oc-3aa"/>
      </symbol>
      <symbol id="sm-aa3">
         <name>_system_post_cinit</name>
         <value>0x7e27</value>
         <object_component_ref idref="oc-a6"/>
      </symbol>
      <symbol id="sm-ab9">
         <name>FPUStackingEnable</name>
         <value>0x8109</value>
         <object_component_ref idref="oc-188"/>
      </symbol>
      <symbol id="sm-aba">
         <name>FPUEnable</name>
         <value>0x818d</value>
         <object_component_ref idref="oc-182"/>
      </symbol>
      <symbol id="sm-b14">
         <name>GPIOPinConfigure</name>
         <value>0x7d09</value>
         <object_component_ref idref="oc-1c9"/>
      </symbol>
      <symbol id="sm-b15">
         <name>GPIOPinTypeGPIOInput</name>
         <value>0x8145</value>
         <object_component_ref idref="oc-236"/>
      </symbol>
      <symbol id="sm-b16">
         <name>GPIOPinTypeUART</name>
         <value>0x8169</value>
         <object_component_ref idref="oc-1d5"/>
      </symbol>
      <symbol id="sm-b17">
         <name>GPIOPinTypeGPIOOutput</name>
         <value>0x80a9</value>
         <object_component_ref idref="oc-22a"/>
      </symbol>
      <symbol id="sm-b18">
         <name>GPIOPinRead</name>
         <value>0x8241</value>
         <object_component_ref idref="oc-23c"/>
      </symbol>
      <symbol id="sm-b19">
         <name>GPIODirModeSet</name>
         <value>0x7fbd</value>
         <object_component_ref idref="oc-335"/>
      </symbol>
      <symbol id="sm-b1a">
         <name>GPIOPinWrite</name>
         <value>0x8247</value>
         <object_component_ref idref="oc-230"/>
      </symbol>
      <symbol id="sm-b1b">
         <name>GPIOPadConfigSet</name>
         <value>0x73a7</value>
         <object_component_ref idref="oc-33b"/>
      </symbol>
      <symbol id="sm-b1c">
         <name>GPIOPinTypeSSI</name>
         <value>0x8157</value>
         <object_component_ref idref="oc-212"/>
      </symbol>
      <symbol id="sm-b5e">
         <name>IntEnable</name>
         <value>0x7af5</value>
         <object_component_ref idref="oc-1f3"/>
      </symbol>
      <symbol id="sm-b5f">
         <name>IntRegister</name>
         <value>0x7f55</value>
         <object_component_ref idref="oc-374"/>
      </symbol>
      <symbol id="sm-b60">
         <name>g_pfnRAMVectors</name>
         <value>0x20000000</value>
         <object_component_ref idref="oc-434"/>
      </symbol>
      <symbol id="sm-b61">
         <name>IntMasterEnable</name>
         <value>0x819d</value>
         <object_component_ref idref="oc-18e"/>
      </symbol>
      <symbol id="sm-b76">
         <name>PWMPulseWidthSet</name>
         <value>0x808b</value>
         <object_component_ref idref="oc-19b"/>
      </symbol>
      <symbol id="sm-b77">
         <name>PWMPulseWidthGet</name>
         <value>0x806d</value>
         <object_component_ref idref="oc-1a1"/>
      </symbol>
      <symbol id="sm-bb0">
         <name>SSIDataPut</name>
         <value>0x8209</value>
         <object_component_ref idref="oc-242"/>
      </symbol>
      <symbol id="sm-bb1">
         <name>SSIDataGet</name>
         <value>0x81e5</value>
         <object_component_ref idref="oc-24e"/>
      </symbol>
      <symbol id="sm-bb2">
         <name>SSIDataGetNonBlocking</name>
         <value>0x817b</value>
         <object_component_ref idref="oc-224"/>
      </symbol>
      <symbol id="sm-bb3">
         <name>SSIConfigSetExpClk</name>
         <value>0x7ea9</value>
         <object_component_ref idref="oc-218"/>
      </symbol>
      <symbol id="sm-bb4">
         <name>SSIEnable</name>
         <value>0x8213</value>
         <object_component_ref idref="oc-21e"/>
      </symbol>
      <symbol id="sm-bb5">
         <name>SSIBusy</name>
         <value>0x8231</value>
         <object_component_ref idref="oc-248"/>
      </symbol>
      <symbol id="sm-c49">
         <name>SysCtlPeripheralPresent</name>
         <value>0x7ee5</value>
         <object_component_ref idref="oc-342"/>
      </symbol>
      <symbol id="sm-c4a">
         <name>SysCtlDelay</name>
         <value>0x824d</value>
         <object_component_ref idref="oc-19a"/>
      </symbol>
      <symbol id="sm-c4b">
         <name>SysCtlPeripheralEnable</name>
         <value>0x7f89</value>
         <object_component_ref idref="oc-1c3"/>
      </symbol>
      <symbol id="sm-c4c">
         <name>SysCtlReset</name>
         <value>0x81ad</value>
         <object_component_ref idref="oc-194"/>
      </symbol>
      <symbol id="sm-c4d">
         <name>SysCtlClockFreqSet</name>
         <value>0x6835</value>
         <object_component_ref idref="oc-17c"/>
      </symbol>
      <symbol id="sm-c4e">
         <name>SysCtlPeripheralReset</name>
         <value>0x7c6d</value>
         <object_component_ref idref="oc-20c"/>
      </symbol>
      <symbol id="sm-cd0">
         <name>UARTConfigSetExpClk</name>
         <value>0x7de1</value>
         <object_component_ref idref="oc-348"/>
      </symbol>
      <symbol id="sm-cd1">
         <name>UARTDisable</name>
         <value>0x800d</value>
         <object_component_ref idref="oc-413"/>
      </symbol>
      <symbol id="sm-cd2">
         <name>UARTIntEnable</name>
         <value>0x8239</value>
         <object_component_ref idref="oc-1e7"/>
      </symbol>
      <symbol id="sm-cd3">
         <name>UARTCharsAvail</name>
         <value>0x81bd</value>
         <object_component_ref idref="oc-1bd"/>
      </symbol>
      <symbol id="sm-cd4">
         <name>UARTClockSourceSet</name>
         <value>0x8253</value>
         <object_component_ref idref="oc-1cf"/>
      </symbol>
      <symbol id="sm-cd5">
         <name>UARTCharPut</name>
         <value>0x8227</value>
         <object_component_ref idref="oc-1b7"/>
      </symbol>
      <symbol id="sm-cd6">
         <name>UARTEnable</name>
         <value>0x811d</value>
         <object_component_ref idref="oc-34e"/>
      </symbol>
      <symbol id="sm-cd7">
         <name>UARTIntClear</name>
         <value>0x825f</value>
         <object_component_ref idref="oc-1ab"/>
      </symbol>
      <symbol id="sm-cd8">
         <name>UARTCharGet</name>
         <value>0x821d</value>
         <object_component_ref idref="oc-1b1"/>
      </symbol>
      <symbol id="sm-cd9">
         <name>UARTFIFOLevelSet</name>
         <value>0x8259</value>
         <object_component_ref idref="oc-1e1"/>
      </symbol>
      <symbol id="sm-cda">
         <name>UARTIntRegister</name>
         <value>0x80c1</value>
         <object_component_ref idref="oc-1ed"/>
      </symbol>
      <symbol id="sm-ce4">
         <name>CPUcpsie</name>
         <value>0x81d9</value>
         <object_component_ref idref="oc-31c"/>
      </symbol>
      <symbol id="sm-ce5">
         <name>__TI_static_base__</name>
         <value>0x0</value>
      </symbol>
      <symbol id="sm-ce8">
         <name>SHT$$INIT_ARRAY$$Limit</name>
         <value>0x0</value>
      </symbol>
      <symbol id="sm-ce9">
         <name>SHT$$INIT_ARRAY$$Base</name>
         <value>0x0</value>
      </symbol>
   </symbol_table>
   <title>Link successful</title>
</link_info>
